103.144.92.169 - - [20/Jul/2022:06:47:20 +0000] "GET /admin/ HTTP/1.1" 200 10606 "http://hackerboi.tech/admin/auth/user/" "Mozilla/5.0 (Windows NT 10.0; Win64; x64) AppleWebKit/537.36 (KHTML, like Gecko) Chrome/103.0.0.0 Safari/537.36"
208.67.104.94 - - [20/Jul/2022:06:51:58 +0000] "POST /boaform/admin/formLogin HTTP/1.1" 400 61208 "http://20.219.96.73:80/admin/login.asp" "Mozilla/5.0 (X11; Ubuntu; Linux x86_64; rv:71.0) Gecko/20100101 Firefox/71.0"
208.67.104.94 - - [20/Jul/2022:06:51:58 +0000] "" 400 0 "-" "-"
103.144.92.169 - - [20/Jul/2022:06:57:44 +0000] "GET / HTTP/1.1" 200 3351 "-" "Mozilla/5.0 (Windows NT 10.0; Win64; x64) AppleWebKit/537.36 (KHTML, like Gecko) Chrome/103.0.0.0 Safari/537.36"
103.144.92.169 - - [20/Jul/2022:06:57:59 +0000] "GET /accounts/google/login/ HTTP/1.1" 200 1205 "http://hackerboi.tech/" "Mozilla/5.0 (Windows NT 10.0; Win64; x64) AppleWebKit/537.36 (KHTML, like Gecko) Chrome/103.0.0.0 Safari/537.36"
103.144.92.169 - - [20/Jul/2022:06:58:02 +0000] "POST /accounts/google/login/ HTTP/1.1" 302 0 "http://hackerboi.tech/accounts/google/login/" "Mozilla/5.0 (Windows NT 10.0; Win64; x64) AppleWebKit/537.36 (KHTML, like Gecko) Chrome/103.0.0.0 Safari/537.36"
103.144.92.169 - - [20/Jul/2022:06:58:07 +0000] "GET /accounts/google/login/callback/?state=Wg4468wyESzG&code=4%2F0AdQt8qje5iS3N0lxIG5roh_W-hDajp_thSO9cBo39zNG0SzTsNCLsm6ZCgD1LMMc2fdLuQ&scope=email+profile+https%3A%2F%2Fwww.googleapis.com%2Fauth%2Fuserinfo.email+openid+https%3A%2F%2Fwww.googleapis.com%2Fauth%2Fuserinfo.profile&authuser=0&prompt=none HTTP/1.1" 302 0 "-" "Mozilla/5.0 (Windows NT 10.0; Win64; x64) AppleWebKit/537.36 (KHTML, like Gecko) Chrome/103.0.0.0 Safari/537.36"
103.144.92.169 - - [20/Jul/2022:06:58:07 +0000] "GET /social/ HTTP/1.1" 200 8599 "-" "Mozilla/5.0 (Windows NT 10.0; Win64; x64) AppleWebKit/537.36 (KHTML, like Gecko) Chrome/103.0.0.0 Safari/537.36"
103.144.92.149 - - [20/Jul/2022:07:12:07 +0000] "GET /social/profile/8 HTTP/1.1" 200 3749 "http://hackerboi.tech/social/" "Mozilla/5.0 (Windows NT 10.0; Win64; x64) AppleWebKit/537.36 (KHTML, like Gecko) Chrome/103.0.0.0 Safari/537.36"
103.144.92.149 - - [20/Jul/2022:07:12:07 +0000] "GET /media/profile_images/default.jpg HTTP/1.1" 200 3906 "http://hackerboi.tech/social/profile/8" "Mozilla/5.0 (Windows NT 10.0; Win64; x64) AppleWebKit/537.36 (KHTML, like Gecko) Chrome/103.0.0.0 Safari/537.36"
103.144.92.149 - - [20/Jul/2022:07:12:09 +0000] "GET /social/ HTTP/1.1" 200 8599 "http://hackerboi.tech/social/profile/8" "Mozilla/5.0 (Windows NT 10.0; Win64; x64) AppleWebKit/537.36 (KHTML, like Gecko) Chrome/103.0.0.0 Safari/537.36"
103.144.92.149 - - [20/Jul/2022:07:12:19 +0000] "GET /social/post/55 HTTP/1.1" 200 3463 "http://hackerboi.tech/social/" "Mozilla/5.0 (Windows NT 10.0; Win64; x64) AppleWebKit/537.36 (KHTML, like Gecko) Chrome/103.0.0.0 Safari/537.36"
103.144.92.149 - - [20/Jul/2022:07:12:28 +0000] "GET /social/profile/8 HTTP/1.1" 200 3749 "http://hackerboi.tech/social/" "Mozilla/5.0 (Windows NT 10.0; Win64; x64) AppleWebKit/537.36 (KHTML, like Gecko) Chrome/103.0.0.0 Safari/537.36"
103.144.92.149 - - [20/Jul/2022:07:12:29 +0000] "GET /social/ HTTP/1.1" 200 8599 "http://hackerboi.tech/social/profile/8" "Mozilla/5.0 (Windows NT 10.0; Win64; x64) AppleWebKit/537.36 (KHTML, like Gecko) Chrome/103.0.0.0 Safari/537.36"
103.144.92.149 - - [20/Jul/2022:07:12:30 +0000] "GET /social/ HTTP/1.1" 200 8599 "http://hackerboi.tech/social/" "Mozilla/5.0 (Windows NT 10.0; Win64; x64) AppleWebKit/537.36 (KHTML, like Gecko) Chrome/103.0.0.0 Safari/537.36"
103.144.92.149 - - [20/Jul/2022:07:12:34 +0000] "GET /social/profile/8 HTTP/1.1" 200 3749 "http://hackerboi.tech/social/" "Mozilla/5.0 (Windows NT 10.0; Win64; x64) AppleWebKit/537.36 (KHTML, like Gecko) Chrome/103.0.0.0 Safari/537.36"
103.144.92.149 - - [20/Jul/2022:07:12:36 +0000] "POST /social/profile/8/follow HTTP/1.1" 302 0 "http://hackerboi.tech/social/profile/8" "Mozilla/5.0 (Windows NT 10.0; Win64; x64) AppleWebKit/537.36 (KHTML, like Gecko) Chrome/103.0.0.0 Safari/537.36"
103.144.92.149 - - [20/Jul/2022:07:12:36 +0000] "GET /social/profile/8 HTTP/1.1" 200 4088 "http://hackerboi.tech/social/profile/8" "Mozilla/5.0 (Windows NT 10.0; Win64; x64) AppleWebKit/537.36 (KHTML, like Gecko) Chrome/103.0.0.0 Safari/537.36"
103.144.92.149 - - [20/Jul/2022:07:12:37 +0000] "POST /social/profile/8/mail-follow HTTP/1.1" 500 72737 "http://hackerboi.tech/social/profile/8" "Mozilla/5.0 (Windows NT 10.0; Win64; x64) AppleWebKit/537.36 (KHTML, like Gecko) Chrome/103.0.0.0 Safari/537.36"
140.238.163.190 - - [20/Jul/2022:07:13:54 +0000] "GET / HTTP/1.1" 200 1329 "-" "Mozilla/5.0 (Windows NT 10.0; Win64; x64) AppleWebKit/537.36 (KHTML, like Gecko) Chrome/103.0.0.0 Safari/537.36"
140.238.163.190 - - [20/Jul/2022:07:13:55 +0000] "GET /favicon.ico HTTP/1.1" 404 1144 "http://hackerboi.tech/" "Mozilla/5.0 (Windows NT 10.0; Win64; x64) AppleWebKit/537.36 (KHTML, like Gecko) Chrome/103.0.0.0 Safari/537.36"
140.238.163.190 - - [20/Jul/2022:07:13:57 +0000] "GET /accounts/google/login/ HTTP/1.1" 200 730 "http://hackerboi.tech/" "Mozilla/5.0 (Windows NT 10.0; Win64; x64) AppleWebKit/537.36 (KHTML, like Gecko) Chrome/103.0.0.0 Safari/537.36"
140.238.163.190 - - [20/Jul/2022:07:13:59 +0000] "POST /accounts/google/login/ HTTP/1.1" 302 0 "http://hackerboi.tech/accounts/google/login/" "Mozilla/5.0 (Windows NT 10.0; Win64; x64) AppleWebKit/537.36 (KHTML, like Gecko) Chrome/103.0.0.0 Safari/537.36"
140.238.163.190 - - [20/Jul/2022:07:14:00 +0000] "GET /accounts/google/login/callback/?state=mDN2QuoloBg4&code=4%2F0AdQt8qgNfITkj3mhPjFzWib1qnbb5Z6EiDS9tITlWI8cTDN_XBrkrpmDsS2fGtva7h7APQ&scope=email+profile+https%3A%2F%2Fwww.googleapis.com%2Fauth%2Fuserinfo.profile+https%3A%2F%2Fwww.googleapis.com%2Fauth%2Fuserinfo.email+openid&authuser=0&prompt=none HTTP/1.1" 302 0 "-" "Mozilla/5.0 (Windows NT 10.0; Win64; x64) AppleWebKit/537.36 (KHTML, like Gecko) Chrome/103.0.0.0 Safari/537.36"
140.238.163.190 - - [20/Jul/2022:07:14:00 +0000] "GET /accounts/social/signup/ HTTP/1.1" 200 974 "-" "Mozilla/5.0 (Windows NT 10.0; Win64; x64) AppleWebKit/537.36 (KHTML, like Gecko) Chrome/103.0.0.0 Safari/537.36"
140.238.163.190 - - [20/Jul/2022:07:14:26 +0000] "GET /admin HTTP/1.1" 301 0 "-" "Mozilla/5.0 (Windows NT 10.0; Win64; x64) AppleWebKit/537.36 (KHTML, like Gecko) Chrome/103.0.0.0 Safari/537.36"
140.238.163.190 - - [20/Jul/2022:07:14:26 +0000] "GET /admin/ HTTP/1.1" 302 0 "-" "Mozilla/5.0 (Windows NT 10.0; Win64; x64) AppleWebKit/537.36 (KHTML, like Gecko) Chrome/103.0.0.0 Safari/537.36"
140.238.163.190 - - [20/Jul/2022:07:14:26 +0000] "GET /admin/login/?next=/admin/ HTTP/1.1" 200 951 "-" "Mozilla/5.0 (Windows NT 10.0; Win64; x64) AppleWebKit/537.36 (KHTML, like Gecko) Chrome/103.0.0.0 Safari/537.36"
140.238.163.190 - - [20/Jul/2022:07:14:27 +0000] "GET /static/admin/css/base.css HTTP/1.1" 200 19513 "http://hackerboi.tech/admin/login/?next=/admin/" "Mozilla/5.0 (Windows NT 10.0; Win64; x64) AppleWebKit/537.36 (KHTML, like Gecko) Chrome/103.0.0.0 Safari/537.36"
140.238.163.190 - - [20/Jul/2022:07:14:27 +0000] "GET /static/admin/css/nav_sidebar.css HTTP/1.1" 200 2616 "http://hackerboi.tech/admin/login/?next=/admin/" "Mozilla/5.0 (Windows NT 10.0; Win64; x64) AppleWebKit/537.36 (KHTML, like Gecko) Chrome/103.0.0.0 Safari/537.36"
140.238.163.190 - - [20/Jul/2022:07:14:27 +0000] "GET /static/admin/css/responsive.css HTTP/1.1" 200 18575 "http://hackerboi.tech/admin/login/?next=/admin/" "Mozilla/5.0 (Windows NT 10.0; Win64; x64) AppleWebKit/537.36 (KHTML, like Gecko) Chrome/103.0.0.0 Safari/537.36"
140.238.163.190 - - [20/Jul/2022:07:14:27 +0000] "GET /static/admin/css/login.css HTTP/1.1" 200 954 "http://hackerboi.tech/admin/login/?next=/admin/" "Mozilla/5.0 (Windows NT 10.0; Win64; x64) AppleWebKit/537.36 (KHTML, like Gecko) Chrome/103.0.0.0 Safari/537.36"
140.238.163.190 - - [20/Jul/2022:07:14:27 +0000] "GET /static/admin/js/nav_sidebar.js HTTP/1.1" 200 3763 "http://hackerboi.tech/admin/login/?next=/admin/" "Mozilla/5.0 (Windows NT 10.0; Win64; x64) AppleWebKit/537.36 (KHTML, like Gecko) Chrome/103.0.0.0 Safari/537.36"
140.238.163.190 - - [20/Jul/2022:07:14:27 +0000] "GET /static/admin/css/fonts.css HTTP/1.1" 200 423 "http://hackerboi.tech/static/admin/css/base.css" "Mozilla/5.0 (Windows NT 10.0; Win64; x64) AppleWebKit/537.36 (KHTML, like Gecko) Chrome/103.0.0.0 Safari/537.36"
140.238.163.190 - - [20/Jul/2022:07:14:27 +0000] "GET /static/admin/fonts/Roboto-Light-webfont.woff HTTP/1.1" 200 85692 "http://hackerboi.tech/static/admin/css/fonts.css" "Mozilla/5.0 (Windows NT 10.0; Win64; x64) AppleWebKit/537.36 (KHTML, like Gecko) Chrome/103.0.0.0 Safari/537.36"
140.238.163.190 - - [20/Jul/2022:07:14:27 +0000] "GET /static/admin/fonts/Roboto-Regular-webfont.woff HTTP/1.1" 200 85876 "http://hackerboi.tech/static/admin/css/fonts.css" "Mozilla/5.0 (Windows NT 10.0; Win64; x64) AppleWebKit/537.36 (KHTML, like Gecko) Chrome/103.0.0.0 Safari/537.36"
63.117.14.7 - - [20/Jul/2022:07:14:28 +0000] "GET /admin/ HTTP/1.1" 302 0 "https://www.google.com/" "Mozilla/5.0 (Windows NT 10.0; Win64; x64) AppleWebKit/537.36 (KHTML, like Gecko) Chrome/102.0.0.0 Safari/537.36"
63.117.14.7 - - [20/Jul/2022:07:14:29 +0000] "GET /admin/login/?next=/admin/ HTTP/1.1" 200 950 "-" "Mozilla/5.0 (Windows NT 10.0; Win64; x64) AppleWebKit/537.36 (KHTML, like Gecko) Chrome/102.0.0.0 Safari/537.36"
63.117.14.7 - - [20/Jul/2022:07:14:29 +0000] "GET /static/admin/css/nav_sidebar.css HTTP/1.1" 200 2616 "http://hackerboi.tech/admin/login/?next=/admin/" "Mozilla/5.0 (Windows NT 10.0; Win64; x64) AppleWebKit/537.36 (KHTML, like Gecko) Chrome/102.0.0.0 Safari/537.36"
63.117.14.7 - - [20/Jul/2022:07:14:29 +0000] "GET /static/admin/css/login.css HTTP/1.1" 200 954 "http://hackerboi.tech/admin/login/?next=/admin/" "Mozilla/5.0 (Windows NT 10.0; Win64; x64) AppleWebKit/537.36 (KHTML, like Gecko) Chrome/102.0.0.0 Safari/537.36"
63.117.14.7 - - [20/Jul/2022:07:14:30 +0000] "GET /static/admin/css/base.css HTTP/1.1" 200 19513 "http://hackerboi.tech/admin/login/?next=/admin/" "Mozilla/5.0 (Windows NT 10.0; Win64; x64) AppleWebKit/537.36 (KHTML, like Gecko) Chrome/102.0.0.0 Safari/537.36"
63.117.14.7 - - [20/Jul/2022:07:14:30 +0000] "GET /static/admin/css/responsive.css HTTP/1.1" 200 18575 "http://hackerboi.tech/admin/login/?next=/admin/" "Mozilla/5.0 (Windows NT 10.0; Win64; x64) AppleWebKit/537.36 (KHTML, like Gecko) Chrome/102.0.0.0 Safari/537.36"
63.117.14.7 - - [20/Jul/2022:07:14:30 +0000] "GET /static/admin/js/nav_sidebar.js HTTP/1.1" 200 3763 "http://hackerboi.tech/admin/login/?next=/admin/" "Mozilla/5.0 (Windows NT 10.0; Win64; x64) AppleWebKit/537.36 (KHTML, like Gecko) Chrome/102.0.0.0 Safari/537.36"
63.117.14.7 - - [20/Jul/2022:07:14:31 +0000] "GET /static/admin/css/fonts.css HTTP/1.1" 200 423 "http://hackerboi.tech/static/admin/css/base.css" "Mozilla/5.0 (Windows NT 10.0; Win64; x64) AppleWebKit/537.36 (KHTML, like Gecko) Chrome/102.0.0.0 Safari/537.36"
63.117.14.7 - - [20/Jul/2022:07:14:31 +0000] "GET /static/admin/fonts/Roboto-Light-webfont.woff HTTP/1.1" 200 85692 "http://hackerboi.tech/static/admin/css/fonts.css" "Mozilla/5.0 (Windows NT 10.0; Win64; x64) AppleWebKit/537.36 (KHTML, like Gecko) Chrome/102.0.0.0 Safari/537.36"
63.117.14.7 - - [20/Jul/2022:07:14:31 +0000] "GET /static/admin/fonts/Roboto-Regular-webfont.woff HTTP/1.1" 200 85876 "http://hackerboi.tech/static/admin/css/fonts.css" "Mozilla/5.0 (Windows NT 10.0; Win64; x64) AppleWebKit/537.36 (KHTML, like Gecko) Chrome/102.0.0.0 Safari/537.36"
140.238.163.190 - - [20/Jul/2022:07:14:35 +0000] "POST /admin/login/?next=/admin/ HTTP/1.1" 302 0 "http://hackerboi.tech/admin/login/?next=/admin/" "Mozilla/5.0 (Windows NT 10.0; Win64; x64) AppleWebKit/537.36 (KHTML, like Gecko) Chrome/103.0.0.0 Safari/537.36"
140.238.163.190 - - [20/Jul/2022:07:14:35 +0000] "GET /admin/ HTTP/1.1" 200 1708 "http://hackerboi.tech/admin/login/?next=/admin/" "Mozilla/5.0 (Windows NT 10.0; Win64; x64) AppleWebKit/537.36 (KHTML, like Gecko) Chrome/103.0.0.0 Safari/537.36"
140.238.163.190 - - [20/Jul/2022:07:14:36 +0000] "GET /static/admin/css/dashboard.css HTTP/1.1" 200 380 "http://hackerboi.tech/admin/" "Mozilla/5.0 (Windows NT 10.0; Win64; x64) AppleWebKit/537.36 (KHTML, like Gecko) Chrome/103.0.0.0 Safari/537.36"
140.238.163.190 - - [20/Jul/2022:07:14:36 +0000] "GET /static/admin/img/icon-addlink.svg HTTP/1.1" 200 331 "http://hackerboi.tech/static/admin/css/base.css" "Mozilla/5.0 (Windows NT 10.0; Win64; x64) AppleWebKit/537.36 (KHTML, like Gecko) Chrome/103.0.0.0 Safari/537.36"
140.238.163.190 - - [20/Jul/2022:07:14:36 +0000] "GET /static/admin/img/icon-deletelink.svg HTTP/1.1" 200 392 "http://hackerboi.tech/static/admin/css/base.css" "Mozilla/5.0 (Windows NT 10.0; Win64; x64) AppleWebKit/537.36 (KHTML, like Gecko) Chrome/103.0.0.0 Safari/537.36"
140.238.163.190 - - [20/Jul/2022:07:14:36 +0000] "GET /static/admin/img/icon-changelink.svg HTTP/1.1" 200 380 "http://hackerboi.tech/static/admin/css/base.css" "Mozilla/5.0 (Windows NT 10.0; Win64; x64) AppleWebKit/537.36 (KHTML, like Gecko) Chrome/103.0.0.0 Safari/537.36"
140.238.163.190 - - [20/Jul/2022:07:14:36 +0000] "GET /static/admin/fonts/Roboto-Bold-webfont.woff HTTP/1.1" 200 86184 "http://hackerboi.tech/static/admin/css/fonts.css" "Mozilla/5.0 (Windows NT 10.0; Win64; x64) AppleWebKit/537.36 (KHTML, like Gecko) Chrome/103.0.0.0 Safari/537.36"
140.238.163.190 - - [20/Jul/2022:07:16:35 +0000] "GET /admin/login/?next=/admin/ HTTP/1.1" 302 0 "-" "Mozilla/5.0 (Windows NT 10.0; Win64; x64) AppleWebKit/537.36 (KHTML, like Gecko) Chrome/103.0.0.0 Safari/537.36"
140.238.163.190 - - [20/Jul/2022:07:16:35 +0000] "GET /admin/ HTTP/1.1" 200 1708 "-" "Mozilla/5.0 (Windows NT 10.0; Win64; x64) AppleWebKit/537.36 (KHTML, like Gecko) Chrome/103.0.0.0 Safari/537.36"
140.238.163.190 - - [20/Jul/2022:07:16:41 +0000] "GET / HTTP/1.1" 200 1475 "-" "Mozilla/5.0 (Windows NT 10.0; Win64; x64) AppleWebKit/537.36 (KHTML, like Gecko) Chrome/103.0.0.0 Safari/537.36"
140.238.163.190 - - [20/Jul/2022:07:16:44 +0000] "GET /accounts/login/ HTTP/1.1" 302 0 "http://hackerboi.tech/" "Mozilla/5.0 (Windows NT 10.0; Win64; x64) AppleWebKit/537.36 (KHTML, like Gecko) Chrome/103.0.0.0 Safari/537.36"
140.238.163.190 - - [20/Jul/2022:07:16:44 +0000] "GET /social/ HTTP/1.1" 200 1945 "http://hackerboi.tech/" "Mozilla/5.0 (Windows NT 10.0; Win64; x64) AppleWebKit/537.36 (KHTML, like Gecko) Chrome/103.0.0.0 Safari/537.36"
179.43.155.171 - - [20/Jul/2022:07:16:45 +0000] "\x16\x03\x01\x00\xEE\x01\x00\x00\xEA\x03\x03\xF5\x0C\xD7\x05\xC0=\xDA\x855\xA8uJ_Dn" 400 166 "-" "-"
179.43.155.171 - - [20/Jul/2022:07:16:45 +0000] "GET /.aws/credentials HTTP/1.1" 400 59879 "-" "Mozilla/5.0 (iPhone; CPU OS 13_3_1 like Mac OS X) AppleWebKit/605.1.15 (KHTML, like Gecko) FxiOS/28.0  Mobile/15E148 Safari/605.1.15"
74.51.221.36 - - [20/Jul/2022:07:16:45 +0000] "GET /accounts/login/ HTTP/1.1" 200 1337 "https://www.google.com/" "Mozilla/5.0 (Windows NT 10.0; Win64; x64) AppleWebKit/537.36 (KHTML, like Gecko) Chrome/102.0.0.0 Safari/537.36"
140.238.163.190 - - [20/Jul/2022:07:16:48 +0000] "GET /social/ HTTP/1.1" 200 1944 "http://hackerboi.tech/social/" "Mozilla/5.0 (Windows NT 10.0; Win64; x64) AppleWebKit/537.36 (KHTML, like Gecko) Chrome/103.0.0.0 Safari/537.36"
140.238.163.190 - - [20/Jul/2022:07:16:53 +0000] "GET /social/profile/8 HTTP/1.1" 200 1680 "http://hackerboi.tech/social/" "Mozilla/5.0 (Windows NT 10.0; Win64; x64) AppleWebKit/537.36 (KHTML, like Gecko) Chrome/103.0.0.0 Safari/537.36"
140.238.163.190 - - [20/Jul/2022:07:16:53 +0000] "GET /media/profile_images/default.jpg HTTP/1.1" 200 3906 "http://hackerboi.tech/social/profile/8" "Mozilla/5.0 (Windows NT 10.0; Win64; x64) AppleWebKit/537.36 (KHTML, like Gecko) Chrome/103.0.0.0 Safari/537.36"
140.238.163.190 - - [20/Jul/2022:07:16:55 +0000] "POST /social/profile/8/follow HTTP/1.1" 302 0 "http://hackerboi.tech/social/profile/8" "Mozilla/5.0 (Windows NT 10.0; Win64; x64) AppleWebKit/537.36 (KHTML, like Gecko) Chrome/103.0.0.0 Safari/537.36"
140.238.163.190 - - [20/Jul/2022:07:16:55 +0000] "GET /social/profile/8 HTTP/1.1" 200 1751 "http://hackerboi.tech/social/profile/8" "Mozilla/5.0 (Windows NT 10.0; Win64; x64) AppleWebKit/537.36 (KHTML, like Gecko) Chrome/103.0.0.0 Safari/537.36"
140.238.163.190 - - [20/Jul/2022:07:16:56 +0000] "POST /social/profile/8/mail-follow HTTP/1.1" 500 72163 "http://hackerboi.tech/social/profile/8" "Mozilla/5.0 (Windows NT 10.0; Win64; x64) AppleWebKit/537.36 (KHTML, like Gecko) Chrome/103.0.0.0 Safari/537.36"
140.238.163.190 - - [20/Jul/2022:12:47:41 +0530] "POST /social/profile/8%3Funfollow HTTP/1.1" 302 0 "http://hackerboi.tech/social/profile/8" "Mozilla/5.0 (Windows NT 10.0; Win64; x64) AppleWebKit/537.36 (KHTML, like Gecko) Chrome/103.0.0.0 Safari/537.36"
140.238.163.190 - - [20/Jul/2022:12:47:42 +0530] "GET /social/profile/8 HTTP/1.1" 200 1678 "http://hackerboi.tech/social/profile/8" "Mozilla/5.0 (Windows NT 10.0; Win64; x64) AppleWebKit/537.36 (KHTML, like Gecko) Chrome/103.0.0.0 Safari/537.36"
140.238.163.190 - - [20/Jul/2022:12:47:43 +0530] "POST /social/profile/8/follow HTTP/1.1" 302 0 "http://hackerboi.tech/social/profile/8" "Mozilla/5.0 (Windows NT 10.0; Win64; x64) AppleWebKit/537.36 (KHTML, like Gecko) Chrome/103.0.0.0 Safari/537.36"
140.238.163.190 - - [20/Jul/2022:12:47:43 +0530] "GET /social/profile/8 HTTP/1.1" 200 1752 "http://hackerboi.tech/social/profile/8" "Mozilla/5.0 (Windows NT 10.0; Win64; x64) AppleWebKit/537.36 (KHTML, like Gecko) Chrome/103.0.0.0 Safari/537.36"
140.238.163.190 - - [20/Jul/2022:12:47:45 +0530] "POST /social/profile/8/mail-follow HTTP/1.1" 302 0 "http://hackerboi.tech/social/profile/8" "Mozilla/5.0 (Windows NT 10.0; Win64; x64) AppleWebKit/537.36 (KHTML, like Gecko) Chrome/103.0.0.0 Safari/537.36"
140.238.163.190 - - [20/Jul/2022:12:47:45 +0530] "GET /social/profile/8 HTTP/1.1" 200 1744 "http://hackerboi.tech/social/profile/8" "Mozilla/5.0 (Windows NT 10.0; Win64; x64) AppleWebKit/537.36 (KHTML, like Gecko) Chrome/103.0.0.0 Safari/537.36"
140.238.163.190 - - [20/Jul/2022:12:52:53 +0530] "GET /social/ HTTP/1.1" 200 1947 "http://hackerboi.tech/social/profile/8" "Mozilla/5.0 (Windows NT 10.0; Win64; x64) AppleWebKit/537.36 (KHTML, like Gecko) Chrome/103.0.0.0 Safari/537.36"
103.144.92.246 - - [20/Jul/2022:12:52:57 +0530] "GET / HTTP/1.1" 200 2863 "-" "Mozilla/5.0 (Linux; Android 12; SM-M315F) AppleWebKit/537.36 (KHTML, like Gecko) Chrome/99.0.4844.58 Mobile Safari/537.36"
103.144.92.246 - - [20/Jul/2022:12:52:58 +0530] "GET /favicon.ico HTTP/1.1" 404 2775 "http://hackerboi.tech/" "Mozilla/5.0 (Linux; Android 12; SM-M315F) AppleWebKit/537.36 (KHTML, like Gecko) Chrome/99.0.4844.58 Mobile Safari/537.36"
103.144.92.246 - - [20/Jul/2022:12:52:59 +0530] "GET /accounts/google/login/ HTTP/1.1" 200 1205 "http://hackerboi.tech/" "Mozilla/5.0 (Linux; Android 12; SM-M315F) AppleWebKit/537.36 (KHTML, like Gecko) Chrome/99.0.4844.58 Mobile Safari/537.36"
103.144.92.246 - - [20/Jul/2022:12:53:00 +0530] "POST /accounts/google/login/ HTTP/1.1" 302 0 "http://hackerboi.tech/accounts/google/login/" "Mozilla/5.0 (Linux; Android 12; SM-M315F) AppleWebKit/537.36 (KHTML, like Gecko) Chrome/99.0.4844.58 Mobile Safari/537.36"
103.144.92.246 - - [20/Jul/2022:12:53:05 +0530] "GET /accounts/google/login/callback/?state=yxhlH5DJSCiv&code=4%2F0AdQt8qjq-pr1YR1U-a34myix_jjR9DaaiBySSZrsi0WOtoL2c2rH2G61vZuvlNIhZ0pz4w&scope=email+profile+https%3A%2F%2Fwww.googleapis.com%2Fauth%2Fuserinfo.profile+openid+https%3A%2F%2Fwww.googleapis.com%2Fauth%2Fuserinfo.email&authuser=0&prompt=none HTTP/1.1" 302 0 "-" "Mozilla/5.0 (Linux; Android 12; SM-M315F) AppleWebKit/537.36 (KHTML, like Gecko) Chrome/99.0.4844.58 Mobile Safari/537.36"
103.144.92.246 - - [20/Jul/2022:12:53:05 +0530] "GET /social/ HTTP/1.1" 200 8599 "-" "Mozilla/5.0 (Linux; Android 12; SM-M315F) AppleWebKit/537.36 (KHTML, like Gecko) Chrome/99.0.4844.58 Mobile Safari/537.36"
103.144.92.246 - - [20/Jul/2022:12:53:08 +0530] "POST /social/ HTTP/1.1" 200 8915 "http://hackerboi.tech/social/" "Mozilla/5.0 (Linux; Android 12; SM-M315F) AppleWebKit/537.36 (KHTML, like Gecko) Chrome/99.0.4844.58 Mobile Safari/537.36"
140.238.163.190 - - [20/Jul/2022:12:53:15 +0530] "GET /social/profile/search?next=%2Fsocial%2F&query=vaibhav HTTP/1.1" 302 0 "http://hackerboi.tech/social/" "Mozilla/5.0 (Windows NT 10.0; Win64; x64) AppleWebKit/537.36 (KHTML, like Gecko) Chrome/103.0.0.0 Safari/537.36"
140.238.163.190 - - [20/Jul/2022:12:53:15 +0530] "GET /social/profile/10 HTTP/1.1" 200 1677 "http://hackerboi.tech/social/" "Mozilla/5.0 (Windows NT 10.0; Win64; x64) AppleWebKit/537.36 (KHTML, like Gecko) Chrome/103.0.0.0 Safari/537.36"
140.238.163.190 - - [20/Jul/2022:12:53:18 +0530] "POST /social/profile/10/follow HTTP/1.1" 302 0 "http://hackerboi.tech/social/profile/10" "Mozilla/5.0 (Windows NT 10.0; Win64; x64) AppleWebKit/537.36 (KHTML, like Gecko) Chrome/103.0.0.0 Safari/537.36"
140.238.163.190 - - [20/Jul/2022:12:53:18 +0530] "GET /social/profile/10 HTTP/1.1" 200 1746 "http://hackerboi.tech/social/profile/10" "Mozilla/5.0 (Windows NT 10.0; Win64; x64) AppleWebKit/537.36 (KHTML, like Gecko) Chrome/103.0.0.0 Safari/537.36"
140.238.163.190 - - [20/Jul/2022:12:53:21 +0530] "POST /social/profile/10/mail-follow HTTP/1.1" 302 0 "http://hackerboi.tech/social/profile/10" "Mozilla/5.0 (Windows NT 10.0; Win64; x64) AppleWebKit/537.36 (KHTML, like Gecko) Chrome/103.0.0.0 Safari/537.36"
140.238.163.190 - - [20/Jul/2022:12:53:21 +0530] "GET /social/profile/10 HTTP/1.1" 200 1740 "http://hackerboi.tech/social/profile/10" "Mozilla/5.0 (Windows NT 10.0; Win64; x64) AppleWebKit/537.36 (KHTML, like Gecko) Chrome/103.0.0.0 Safari/537.36"
103.144.92.246 - - [20/Jul/2022:12:53:27 +0530] "POST /social/ HTTP/1.1" 200 9227 "http://hackerboi.tech/social/" "Mozilla/5.0 (Linux; Android 12; SM-M315F) AppleWebKit/537.36 (KHTML, like Gecko) Chrome/99.0.4844.58 Mobile Safari/537.36"
140.238.163.190 - - [20/Jul/2022:12:53:31 +0530] "GET /social/profile/10 HTTP/1.1" 200 1753 "http://hackerboi.tech/social/profile/10" "Mozilla/5.0 (Windows NT 10.0; Win64; x64) AppleWebKit/537.36 (KHTML, like Gecko) Chrome/103.0.0.0 Safari/537.36"
103.144.92.246 - - [20/Jul/2022:12:54:10 +0530] "POST /social/ HTTP/1.1" 200 9539 "http://hackerboi.tech/social/" "Mozilla/5.0 (Linux; Android 12; SM-M315F) AppleWebKit/537.36 (KHTML, like Gecko) Chrome/99.0.4844.58 Mobile Safari/537.36"
103.144.92.175 - - [20/Jul/2022:12:56:25 +0530] "POST /social/ HTTP/1.1" 200 9855 "http://hackerboi.tech/social/" "Mozilla/5.0 (Linux; Android 12; SM-M315F) AppleWebKit/537.36 (KHTML, like Gecko) Chrome/99.0.4844.58 Mobile Safari/537.36"
140.238.163.190 - - [20/Jul/2022:12:58:52 +0530] "GET /social/profile/10 HTTP/1.1" 200 1772 "http://hackerboi.tech/social/profile/10" "Mozilla/5.0 (Windows NT 10.0; Win64; x64) AppleWebKit/537.36 (KHTML, like Gecko) Chrome/103.0.0.0 Safari/537.36"
103.144.92.169 - - [20/Jul/2022:12:59:02 +0530] "POST /social/ HTTP/1.1" 500 69118 "http://hackerboi.tech/social/" "Mozilla/5.0 (Linux; Android 12; SM-M315F) AppleWebKit/537.36 (KHTML, like Gecko) Chrome/99.0.4844.58 Mobile Safari/537.36"
103.144.92.169 - - [20/Jul/2022:12:59:18 +0530] "POST /social/ HTTP/1.1" 500 69116 "http://hackerboi.tech/social/" "Mozilla/5.0 (Linux; Android 12; SM-M315F) AppleWebKit/537.36 (KHTML, like Gecko) Chrome/99.0.4844.58 Mobile Safari/537.36"
103.144.92.169 - - [20/Jul/2022:12:59:24 +0530] "GET / HTTP/1.1" 200 3352 "-" "Mozilla/5.0 (Linux; Android 12; SM-M315F) AppleWebKit/537.36 (KHTML, like Gecko) Chrome/99.0.4844.58 Mobile Safari/537.36"
140.238.163.190 - - [20/Jul/2022:12:59:25 +0530] "GET /social/ HTTP/1.1" 200 2033 "http://hackerboi.tech/social/profile/10" "Mozilla/5.0 (Windows NT 10.0; Win64; x64) AppleWebKit/537.36 (KHTML, like Gecko) Chrome/103.0.0.0 Safari/537.36"
103.144.92.169 - - [20/Jul/2022:12:59:27 +0530] "GET /accounts/google/login/ HTTP/1.1" 200 1424 "http://hackerboi.tech/" "Mozilla/5.0 (Linux; Android 12; SM-M315F) AppleWebKit/537.36 (KHTML, like Gecko) Chrome/99.0.4844.58 Mobile Safari/537.36"
103.144.92.169 - - [20/Jul/2022:12:59:29 +0530] "POST /accounts/google/login/ HTTP/1.1" 302 0 "http://hackerboi.tech/accounts/google/login/" "Mozilla/5.0 (Linux; Android 12; SM-M315F) AppleWebKit/537.36 (KHTML, like Gecko) Chrome/99.0.4844.58 Mobile Safari/537.36"
103.144.92.169 - - [20/Jul/2022:12:59:33 +0530] "GET /accounts/google/login/callback/?state=pSvheqL8ZiPy&code=4%2F0AdQt8qhTVF_5sdcJGsKwFkTtqLa1Zc0ghVhZ-iX20VAJW0dzaA9KShX8P3B__9Au0LVjhA&scope=email+profile+openid+https%3A%2F%2Fwww.googleapis.com%2Fauth%2Fuserinfo.profile+https%3A%2F%2Fwww.googleapis.com%2Fauth%2Fuserinfo.email&authuser=0&prompt=none HTTP/1.1" 302 0 "-" "Mozilla/5.0 (Linux; Android 12; SM-M315F) AppleWebKit/537.36 (KHTML, like Gecko) Chrome/99.0.4844.58 Mobile Safari/537.36"
103.144.92.169 - - [20/Jul/2022:12:59:33 +0530] "GET /social/ HTTP/1.1" 200 10480 "-" "Mozilla/5.0 (Linux; Android 12; SM-M315F) AppleWebKit/537.36 (KHTML, like Gecko) Chrome/99.0.4844.58 Mobile Safari/537.36"
103.144.92.169 - - [20/Jul/2022:12:59:36 +0530] "POST /social/ HTTP/1.1" 500 69114 "http://hackerboi.tech/social/" "Mozilla/5.0 (Linux; Android 12; SM-M315F) AppleWebKit/537.36 (KHTML, like Gecko) Chrome/99.0.4844.58 Mobile Safari/537.36"
140.238.163.190 - - [20/Jul/2022:13:00:41 +0530] "POST /social/ HTTP/1.1" 200 2062 "http://hackerboi.tech/social/" "Mozilla/5.0 (Windows NT 10.0; Win64; x64) AppleWebKit/537.36 (KHTML, like Gecko) Chrome/103.0.0.0 Safari/537.36"
157.38.104.155 - - [20/Jul/2022:13:00:53 +0530] "POST /social/ HTTP/1.1" 500 68988 "http://hackerboi.tech/social/" "Mozilla/5.0 (Linux; Android 12; SM-M315F) AppleWebKit/537.36 (KHTML, like Gecko) Chrome/99.0.4844.58 Mobile Safari/537.36"
103.144.92.238 - - [20/Jul/2022:13:01:38 +0530] "GET /social/ HTTP/1.1" 200 11413 "-" "Mozilla/5.0 (Linux; Android 12; SM-M315F) AppleWebKit/537.36 (KHTML, like Gecko) Chrome/99.0.4844.58 Mobile Safari/537.36"
140.238.163.190 - - [20/Jul/2022:13:01:42 +0530] "POST /social/ HTTP/1.1" 200 2104 "http://hackerboi.tech/social/" "Mozilla/5.0 (Windows NT 10.0; Win64; x64) AppleWebKit/537.36 (KHTML, like Gecko) Chrome/103.0.0.0 Safari/537.36"
103.144.92.238 - - [20/Jul/2022:13:01:45 +0530] "POST /social/ HTTP/1.1" 200 12036 "http://hackerboi.tech/social/" "Mozilla/5.0 (Linux; Android 12; SM-M315F) AppleWebKit/537.36 (KHTML, like Gecko) Chrome/99.0.4844.58 Mobile Safari/537.36"
140.238.163.190 - - [20/Jul/2022:13:01:46 +0530] "POST /social/ HTTP/1.1" 200 2117 "http://hackerboi.tech/social/" "Mozilla/5.0 (Windows NT 10.0; Win64; x64) AppleWebKit/537.36 (KHTML, like Gecko) Chrome/103.0.0.0 Safari/537.36"
103.144.92.238 - - [20/Jul/2022:13:01:56 +0530] "POST /social/ HTTP/1.1" 200 12663 "http://hackerboi.tech/social/" "Mozilla/5.0 (Linux; Android 12; SM-M315F) AppleWebKit/537.36 (KHTML, like Gecko) Chrome/99.0.4844.58 Mobile Safari/537.36"
157.38.104.155 - - [20/Jul/2022:13:06:19 +0530] "POST /social/ HTTP/1.1" 200 2154 "http://hackerboi.tech/social/" "Mozilla/5.0 (Linux; Android 12; SM-M315F) AppleWebKit/537.36 (KHTML, like Gecko) Chrome/99.0.4844.58 Mobile Safari/537.36"
140.238.163.190 - - [20/Jul/2022:13:06:20 +0530] "POST /social/ HTTP/1.1" 200 2161 "http://hackerboi.tech/social/" "Mozilla/5.0 (Windows NT 10.0; Win64; x64) AppleWebKit/537.36 (KHTML, like Gecko) Chrome/103.0.0.0 Safari/537.36"
140.238.163.190 - - [20/Jul/2022:13:06:22 +0530] "POST /social/ HTTP/1.1" 200 2170 "http://hackerboi.tech/social/" "Mozilla/5.0 (Windows NT 10.0; Win64; x64) AppleWebKit/537.36 (KHTML, like Gecko) Chrome/103.0.0.0 Safari/537.36"
103.144.92.171 - - [20/Jul/2022:13:12:15 +0530] "GET / HTTP/1.1" 200 3352 "-" "Mozilla/5.0 (Windows NT 10.0; Win64; x64) AppleWebKit/537.36 (KHTML, like Gecko) Chrome/103.0.0.0 Safari/537.36"
103.144.92.171 - - [20/Jul/2022:13:12:19 +0530] "GET /social/ HTTP/1.1" 200 13585 "http://hackerboi.tech/" "Mozilla/5.0 (Windows NT 10.0; Win64; x64) AppleWebKit/537.36 (KHTML, like Gecko) Chrome/103.0.0.0 Safari/537.36"
103.144.92.171 - - [20/Jul/2022:13:12:28 +0530] "POST /social/ HTTP/1.1" 200 13903 "http://hackerboi.tech/social/" "Mozilla/5.0 (Windows NT 10.0; Win64; x64) AppleWebKit/537.36 (KHTML, like Gecko) Chrome/103.0.0.0 Safari/537.36"
103.144.92.169 - - [20/Jul/2022:13:14:22 +0530] "GET /social/ HTTP/1.1" 200 13896 "http://hackerboi.tech/social/" "Mozilla/5.0 (Windows NT 10.0; Win64; x64) AppleWebKit/537.36 (KHTML, like Gecko) Chrome/103.0.0.0 Safari/537.36"
103.144.92.169 - - [20/Jul/2022:13:14:30 +0530] "POST /social/ HTTP/1.1" 200 14208 "http://hackerboi.tech/social/" "Mozilla/5.0 (Windows NT 10.0; Win64; x64) AppleWebKit/537.36 (KHTML, like Gecko) Chrome/103.0.0.0 Safari/537.36"
103.144.92.169 - - [20/Jul/2022:13:14:41 +0530] "POST /social/ HTTP/1.1" 200 14524 "http://hackerboi.tech/social/" "Mozilla/5.0 (Windows NT 10.0; Win64; x64) AppleWebKit/537.36 (KHTML, like Gecko) Chrome/103.0.0.0 Safari/537.36"
103.144.92.199 - - [20/Jul/2022:13:16:11 +0530] "POST /social/ HTTP/1.1" 200 14824 "http://hackerboi.tech/social/" "Mozilla/5.0 (Windows NT 10.0; Win64; x64) AppleWebKit/537.36 (KHTML, like Gecko) Chrome/103.0.0.0 Safari/537.36"
140.238.163.190 - - [20/Jul/2022:13:16:13 +0530] "POST /social/ HTTP/1.1" 200 2231 "http://hackerboi.tech/social/" "Mozilla/5.0 (Windows NT 10.0; Win64; x64) AppleWebKit/537.36 (KHTML, like Gecko) Chrome/103.0.0.0 Safari/537.36"
103.144.92.169 - - [20/Jul/2022:13:22:52 +0530] "GET /social/ HTTP/1.1" 200 15442 "http://hackerboi.tech/social/" "Mozilla/5.0 (Linux; Android 12; SM-M315F) AppleWebKit/537.36 (KHTML, like Gecko) Chrome/99.0.4844.58 Mobile Safari/537.36"
103.144.92.169 - - [20/Jul/2022:13:22:54 +0530] "POST /social/ HTTP/1.1" 200 15450 "http://hackerboi.tech/social/" "Mozilla/5.0 (Linux; Android 12; SM-M315F) AppleWebKit/537.36 (KHTML, like Gecko) Chrome/99.0.4844.58 Mobile Safari/537.36"
140.238.163.190 - - [20/Jul/2022:13:23:53 +0530] "POST /social/ HTTP/1.1" 200 2250 "http://hackerboi.tech/social/" "Mozilla/5.0 (Windows NT 10.0; Win64; x64) AppleWebKit/537.36 (KHTML, like Gecko) Chrome/103.0.0.0 Safari/537.36"
103.144.92.169 - - [20/Jul/2022:13:25:16 +0530] "POST /social/ HTTP/1.1" 200 16069 "http://hackerboi.tech/social/" "Mozilla/5.0 (Linux; Android 12; SM-M315F) AppleWebKit/537.36 (KHTML, like Gecko) Chrome/99.0.4844.58 Mobile Safari/537.36"
103.144.92.169 - - [20/Jul/2022:13:26:37 +0530] "GET / HTTP/1.1" 200 3351 "-" "Mozilla/5.0 (Windows NT 10.0; Win64; x64) AppleWebKit/537.36 (KHTML, like Gecko) Chrome/103.0.0.0 Safari/537.36"
103.144.92.169 - - [20/Jul/2022:13:26:40 +0530] "GET /accounts/login/ HTTP/1.1" 302 0 "http://hackerboi.tech/" "Mozilla/5.0 (Windows NT 10.0; Win64; x64) AppleWebKit/537.36 (KHTML, like Gecko) Chrome/103.0.0.0 Safari/537.36"
103.144.92.169 - - [20/Jul/2022:13:26:40 +0530] "GET /social/ HTTP/1.1" 200 16062 "http://hackerboi.tech/" "Mozilla/5.0 (Windows NT 10.0; Win64; x64) AppleWebKit/537.36 (KHTML, like Gecko) Chrome/103.0.0.0 Safari/537.36"
103.144.92.169 - - [20/Jul/2022:13:26:52 +0530] "GET /social/profile/search?next=%2Fsocial%2F&query=raand HTTP/1.1" 302 0 "http://hackerboi.tech/social/" "Mozilla/5.0 (Windows NT 10.0; Win64; x64) AppleWebKit/537.36 (KHTML, like Gecko) Chrome/103.0.0.0 Safari/537.36"
103.144.92.169 - - [20/Jul/2022:13:26:53 +0530] "GET /social/ HTTP/1.1" 200 16062 "http://hackerboi.tech/social/" "Mozilla/5.0 (Windows NT 10.0; Win64; x64) AppleWebKit/537.36 (KHTML, like Gecko) Chrome/103.0.0.0 Safari/537.36"
103.144.92.169 - - [20/Jul/2022:13:26:59 +0530] "GET /social/profile/search?next=%2Fsocial%2F&query=raand HTTP/1.1" 302 0 "http://hackerboi.tech/social/" "Mozilla/5.0 (Windows NT 10.0; Win64; x64) AppleWebKit/537.36 (KHTML, like Gecko) Chrome/103.0.0.0 Safari/537.36"
103.144.92.218 - - [20/Jul/2022:13:26:59 +0530] "GET /social/profile/search?next=%2Fsocial%2F&query=raand HTTP/1.1" 302 0 "http://hackerboi.tech/social/" "Mozilla/5.0 (Windows NT 10.0; Win64; x64) AppleWebKit/537.36 (KHTML, like Gecko) Chrome/103.0.0.0 Safari/537.36"
103.144.92.169 - - [20/Jul/2022:13:26:59 +0530] "GET /social/ HTTP/1.1" 200 16062 "http://hackerboi.tech/social/" "Mozilla/5.0 (Windows NT 10.0; Win64; x64) AppleWebKit/537.36 (KHTML, like Gecko) Chrome/103.0.0.0 Safari/537.36"
103.144.92.218 - - [20/Jul/2022:13:26:59 +0530] "GET /social/ HTTP/1.1" 200 16062 "http://hackerboi.tech/social/" "Mozilla/5.0 (Windows NT 10.0; Win64; x64) AppleWebKit/537.36 (KHTML, like Gecko) Chrome/103.0.0.0 Safari/537.36"
103.144.92.218 - - [20/Jul/2022:13:27:03 +0530] "GET /social/profile/10 HTTP/1.1" 200 8018 "http://hackerboi.tech/social/" "Mozilla/5.0 (Windows NT 10.0; Win64; x64) AppleWebKit/537.36 (KHTML, like Gecko) Chrome/103.0.0.0 Safari/537.36"
103.144.92.218 - - [20/Jul/2022:13:27:03 +0530] "GET /media/profile_images/default.jpg HTTP/1.1" 304 0 "http://hackerboi.tech/social/profile/10" "Mozilla/5.0 (Windows NT 10.0; Win64; x64) AppleWebKit/537.36 (KHTML, like Gecko) Chrome/103.0.0.0 Safari/537.36"
103.144.92.218 - - [20/Jul/2022:13:27:05 +0530] "POST /social/profile/10/follow HTTP/1.1" 302 0 "http://hackerboi.tech/social/profile/10" "Mozilla/5.0 (Windows NT 10.0; Win64; x64) AppleWebKit/537.36 (KHTML, like Gecko) Chrome/103.0.0.0 Safari/537.36"
103.144.92.218 - - [20/Jul/2022:13:27:05 +0530] "GET /social/profile/10 HTTP/1.1" 200 8358 "http://hackerboi.tech/social/profile/10" "Mozilla/5.0 (Windows NT 10.0; Win64; x64) AppleWebKit/537.36 (KHTML, like Gecko) Chrome/103.0.0.0 Safari/537.36"
103.144.92.218 - - [20/Jul/2022:13:27:08 +0530] "POST /social/profile/10/mail-follow HTTP/1.1" 302 0 "http://hackerboi.tech/social/profile/10" "Mozilla/5.0 (Windows NT 10.0; Win64; x64) AppleWebKit/537.36 (KHTML, like Gecko) Chrome/103.0.0.0 Safari/537.36"
103.144.92.218 - - [20/Jul/2022:13:27:10 +0530] "GET /social/profile/10 HTTP/1.1" 200 8367 "http://hackerboi.tech/social/profile/10" "Mozilla/5.0 (Windows NT 10.0; Win64; x64) AppleWebKit/537.36 (KHTML, like Gecko) Chrome/103.0.0.0 Safari/537.36"
